\BOOKMARK [1][-]{section.1}{\376\377\200\314\146\157\116\016\170\024\172\166\122\250\147\072}{}% 1
\BOOKMARK [1][-]{section.2}{\376\377\166\370\121\163\135\345\117\134}{}% 2
\BOOKMARK [1][-]{section.3}{\376\377\145\160\143\156\147\145\156\220\116\016\230\204\131\004\164\006}{}% 3
\BOOKMARK [2][-]{subsection.3.1}{\376\377\116\064\136\212\150\007\173\176\116\016\150\067\147\054\133\371\237\120}{section.3}% 4
\BOOKMARK [2][-]{subsection.3.2}{\376\377\213\255\176\303\000-\155\113\213\325\122\022\122\006\116\016\226\062\154\304\227\062\123\237\122\031}{section.3}% 5
\BOOKMARK [1][-]{section.4}{\376\377\145\271\154\325}{}% 6
\BOOKMARK [2][-]{subsection.4.1}{\376\377\145\160\143\156\230\204\131\004\164\006\116\016\162\171\137\201\135\345\172\013}{section.4}% 7
\BOOKMARK [3][-]{subsubsection.4.1.1}{\376\377\000R\000N\000A\000-\000s\000e\000q\000\040\133\371\145\160\123\330\143\142\116\016\150\007\121\306\123\026}{subsection.4.1}% 8
\BOOKMARK [3][-]{subsubsection.4.1.2}{\376\377\232\330\145\271\135\356\162\171\137\201\173\133\220\011}{subsection.4.1}% 9
\BOOKMARK [2][-]{subsection.4.2}{\376\377\126\333\171\315\207\215\124\010\145\271\154\325\133\232\116\111}{section.4}% 10
\BOOKMARK [3][-]{subsubsection.4.2.1}{\376\377\207\215\124\010\145\271\154\325\147\266\147\204\133\371\153\324}{subsection.4.2}% 11
\BOOKMARK [3][-]{subsubsection.4.2.2}{\376\377\145\271\154\325\173\241\220\123\140\073\211\310}{subsection.4.2}% 12
\BOOKMARK [3][-]{subsubsection.4.2.3}{\376\377\000R\000N\000A\000-\000o\000n\000l\000y\000\040\123\125\152\041\140\001\127\372\176\277}{subsection.4.2}% 13
\BOOKMARK [3][-]{subsubsection.4.2.4}{\376\377\000C\000o\000n\000c\000a\000t\000\040\145\351\147\037\207\215\124\010}{subsection.4.2}% 14
\BOOKMARK [3][-]{subsubsection.4.2.5}{\376\377\000M\000O\000F\000A\000\040\157\134\127\050\126\340\133\120\207\215\124\010}{subsection.4.2}% 15
\BOOKMARK [3][-]{subsubsection.4.2.6}{\376\377\000S\000t\000a\000c\000k\000i\000n\000g\000\040\146\132\147\037\226\306\142\020\207\215\124\010}{subsection.4.2}% 16
\BOOKMARK [2][-]{subsection.4.3}{\376\377\000S\000V\000M\000\040\122\006\174\173\126\150\116\016\117\030\123\026\166\356\150\007}{section.4}% 17
\BOOKMARK [2][-]{subsection.4.4}{\376\377\122\006\174\173\213\304\116\367\143\007\150\007}{section.4}% 18
\BOOKMARK [2][-]{subsection.4.5}{\376\377\120\117\120\032\143\247\122\066\116\016\123\357\131\015\163\260\140\047}{section.4}% 19
\BOOKMARK [1][-]{section.5}{\376\377\133\236\232\214\213\276\177\156}{}% 20
\BOOKMARK [1][-]{section.6}{\376\377\176\323\147\234\176\337\213\241\150\106\147\266}{}% 21
\BOOKMARK [1][-]{section.7}{\376\377\123\357\211\306\123\026\122\006\147\220}{}% 22
\BOOKMARK [1][-]{section.8}{\376\377\213\250\213\272}{}% 23
\BOOKMARK [1][-]{section.9}{\376\377\176\323\213\272}{}% 24
\BOOKMARK [1][-]{section.10}{\376\377\123\302\200\003\145\207\163\056}{}% 25
